Archive member included to satisfy reference by file (symbol)

D:/Program Files/STM32CubeIDE_1.15.1/STM32CubeIDE/plugins/com.st.stm32cube.ide.mcu.externaltools.gnu-tools-for-stm32.13.3.rel1.win32_1.0.0.202411081344/tools/bin/../lib/gcc/arm-none-eabi/13.3.1/../../../../arm-none-eabi/lib/thumb/v7-m/nofp\libc_nano.a(libc_a-exit.o)
                              D:/Program Files/STM32CubeIDE_1.15.1/STM32CubeIDE/plugins/com.st.stm32cube.ide.mcu.externaltools.gnu-tools-for-stm32.13.3.rel1.win32_1.0.0.202411081344/tools/bin/../lib/gcc/arm-none-eabi/13.3.1/../../../../arm-none-eabi/lib/thumb/v7-m/nofp/crt0.o (exit)
D:/Program Files/STM32CubeIDE_1.15.1/STM32CubeIDE/plugins/com.st.stm32cube.ide.mcu.externaltools.gnu-tools-for-stm32.13.3.rel1.win32_1.0.0.202411081344/tools/bin/../lib/gcc/arm-none-eabi/13.3.1/../../../../arm-none-eabi/lib/thumb/v7-m/nofp\libc_nano.a(libc_a-findfp.o)
                              D:/Program Files/STM32CubeIDE_1.15.1/STM32CubeIDE/plugins/com.st.stm32cube.ide.mcu.externaltools.gnu-tools-for-stm32.13.3.rel1.win32_1.0.0.202411081344/tools/bin/../lib/gcc/arm-none-eabi/13.3.1/../../../../arm-none-eabi/lib/thumb/v7-m/nofp\libc_nano.a(libc_a-exit.o) (__stdio_exit_handler)
D:/Program Files/STM32CubeIDE_1.15.1/STM32CubeIDE/plugins/com.st.stm32cube.ide.mcu.externaltools.gnu-tools-for-stm32.13.3.rel1.win32_1.0.0.202411081344/tools/bin/../lib/gcc/arm-none-eabi/13.3.1/../../../../arm-none-eabi/lib/thumb/v7-m/nofp\libc_nano.a(libc_a-fwalk.o)
                              D:/Program Files/STM32CubeIDE_1.15.1/STM32CubeIDE/plugins/com.st.stm32cube.ide.mcu.externaltools.gnu-tools-for-stm32.13.3.rel1.win32_1.0.0.202411081344/tools/bin/../lib/gcc/arm-none-eabi/13.3.1/../../../../arm-none-eabi/lib/thumb/v7-m/nofp\libc_nano.a(libc_a-findfp.o) (_fwalk_sglue)
D:/Program Files/STM32CubeIDE_1.15.1/STM32CubeIDE/plugins/com.st.stm32cube.ide.mcu.externaltools.gnu-tools-for-stm32.13.3.rel1.win32_1.0.0.202411081344/tools/bin/../lib/gcc/arm-none-eabi/13.3.1/../../../../arm-none-eabi/lib/thumb/v7-m/nofp\libc_nano.a(libc_a-stdio.o)
                              D:/Program Files/STM32CubeIDE_1.15.1/STM32CubeIDE/plugins/com.st.stm32cube.ide.mcu.externaltools.gnu-tools-for-stm32.13.3.rel1.win32_1.0.0.202411081344/tools/bin/../lib/gcc/arm-none-eabi/13.3.1/../../../../arm-none-eabi/lib/thumb/v7-m/nofp\libc_nano.a(libc_a-findfp.o) (__sread)
D:/Program Files/STM32CubeIDE_1.15.1/STM32CubeIDE/plugins/com.st.stm32cube.ide.mcu.externaltools.gnu-tools-for-stm32.13.3.rel1.win32_1.0.0.202411081344/tools/bin/../lib/gcc/arm-none-eabi/13.3.1/../../../../arm-none-eabi/lib/thumb/v7-m/nofp\libc_nano.a(libc_a-memset.o)
                              D:/Program Files/STM32CubeIDE_1.15.1/STM32CubeIDE/plugins/com.st.stm32cube.ide.mcu.externaltools.gnu-tools-for-stm32.13.3.rel1.win32_1.0.0.202411081344/tools/bin/../lib/gcc/arm-none-eabi/13.3.1/../../../../arm-none-eabi/lib/thumb/v7-m/nofp/crt0.o (memset)
D:/Program Files/STM32CubeIDE_1.15.1/STM32CubeIDE/plugins/com.st.stm32cube.ide.mcu.externaltools.gnu-tools-for-stm32.13.3.rel1.win32_1.0.0.202411081344/tools/bin/../lib/gcc/arm-none-eabi/13.3.1/../../../../arm-none-eabi/lib/thumb/v7-m/nofp\libc_nano.a(libc_a-closer.o)
                              D:/Program Files/STM32CubeIDE_1.15.1/STM32CubeIDE/plugins/com.st.stm32cube.ide.mcu.externaltools.gnu-tools-for-stm32.13.3.rel1.win32_1.0.0.202411081344/tools/bin/../lib/gcc/arm-none-eabi/13.3.1/../../../../arm-none-eabi/lib/thumb/v7-m/nofp\libc_nano.a(libc_a-stdio.o) (_close_r)
D:/Program Files/STM32CubeIDE_1.15.1/STM32CubeIDE/plugins/com.st.stm32cube.ide.mcu.externaltools.gnu-tools-for-stm32.13.3.rel1.win32_1.0.0.202411081344/tools/bin/../lib/gcc/arm-none-eabi/13.3.1/../../../../arm-none-eabi/lib/thumb/v7-m/nofp\libc_nano.a(libc_a-reent.o)
                              D:/Program Files/STM32CubeIDE_1.15.1/STM32CubeIDE/plugins/com.st.stm32cube.ide.mcu.externaltools.gnu-tools-for-stm32.13.3.rel1.win32_1.0.0.202411081344/tools/bin/../lib/gcc/arm-none-eabi/13.3.1/../../../../arm-none-eabi/lib/thumb/v7-m/nofp\libc_nano.a(libc_a-closer.o) (errno)
D:/Program Files/STM32CubeIDE_1.15.1/STM32CubeIDE/plugins/com.st.stm32cube.ide.mcu.externaltools.gnu-tools-for-stm32.13.3.rel1.win32_1.0.0.202411081344/tools/bin/../lib/gcc/arm-none-eabi/13.3.1/../../../../arm-none-eabi/lib/thumb/v7-m/nofp\libc_nano.a(libc_a-impure.o)
                              D:/Program Files/STM32CubeIDE_1.15.1/STM32CubeIDE/plugins/com.st.stm32cube.ide.mcu.externaltools.gnu-tools-for-stm32.13.3.rel1.win32_1.0.0.202411081344/tools/bin/../lib/gcc/arm-none-eabi/13.3.1/../../../../arm-none-eabi/lib/thumb/v7-m/nofp\libc_nano.a(libc_a-reent.o) (_impure_ptr)
D:/Program Files/STM32CubeIDE_1.15.1/STM32CubeIDE/plugins/com.st.stm32cube.ide.mcu.externaltools.gnu-tools-for-stm32.13.3.rel1.win32_1.0.0.202411081344/tools/bin/../lib/gcc/arm-none-eabi/13.3.1/../../../../arm-none-eabi/lib/thumb/v7-m/nofp\libc_nano.a(libc_a-lseekr.o)
[...]
Memory Configuration

Name             Origin             Length             Attributes
RAM              0x20000000         0x00005000         xrw
FLASH            0x08000000         0x00010000         xr
*default*        0x00000000         0xffffffff

Linker script and memory map

LOAD D:/Program Files/STM32CubeIDE_1.15.1/STM32CubeIDE/plugins/com.st.stm32cube.ide.mcu.externaltools.gnu-tools-for-stm32.13.3.rel1.win32_1.0.0.202411081344/tools/bin/../lib/gcc/arm-none-eabi/13.3.1/thumb/v7-m/nofp/crti.o
LOAD D:/Program Files/STM32CubeIDE_1.15.1/STM32CubeIDE/plugins/com.st.stm32cube.ide.mcu.externaltools.gnu-tools-for-stm32.13.3.rel1.win32_1.0.0.202411081344/tools/bin/../lib/gcc/arm-none-eabi/13.3.1/thumb/v7-m/nofp/crtbegin.o
LOAD D:/Program Files/STM32CubeIDE_1.15.1/STM32CubeIDE/plugins/com.st.stm32cube.ide.mcu.externaltools.gnu-tools-for-stm32.13.3.rel1.win32_1.0.0.202411081344/tools/bin/../lib/gcc/arm-none-eabi/13.3.1/../../../../arm-none-eabi/lib/thumb/v7-m/nofp/crt0.o
LOAD ./Core/Src/NRF24L01.o
LOAD ./Core/Src/main.o
LOAD ./Core/Src/stm32f1xx_hal_msp.o
LOAD ./Core/Src/stm32f1xx_it.o
LOAD ./Core/Src/syscalls.o
LOAD ./Core/Src/sysmem.o
LOAD ./Core/Src/system_stm32f1xx.o
LOAD ./Core/Startup/startup_stm32f103c8tx.o
LOAD ./Drivers/STM32F1xx_HAL_Driver/Src/stm32f1xx_hal.o
LOAD ./Drivers/STM32F1xx_HAL_Driver/Src/stm32f1xx_hal_cortex.o
LOAD ./Drivers/STM32F1xx_HAL_Driver/Src/stm32f1xx_hal_dma.o
LOAD ./Drivers/STM32F1xx_HAL_Driver/Src/stm32f1xx_hal_exti.o
LOAD ./Drivers/STM32F1xx_HAL_Driver/Src/stm32f1xx_hal_flash.o
LOAD ./Drivers/STM32F1xx_HAL_Driver/Src/stm32f1xx_hal_flash_ex.o
LOAD ./Drivers/STM32F1xx_HAL_Driver/Src/stm32f1xx_hal_gpio.o
LOAD ./Drivers/STM32F1xx_HAL_Driver/Src/stm32f1xx_hal_gpio_ex.o
LOAD ./Drivers/STM32F1xx_HAL_Driver/Src/stm32f1xx_hal_pwr.o
LOAD ./Drivers/STM32F1xx_HAL_Driver/Src/stm32f1xx_hal_rcc.o
LOAD ./Drivers/STM32F1xx_HAL_Driver/Src/stm32f1xx_hal_rcc_ex.o
LOAD ./Drivers/STM32F1xx_HAL_Driver/Src/stm32f1xx_hal_spi.o
LOAD ./Drivers/STM32F1xx_HAL_Driver/Src/stm32f1xx_hal_uart.o
START GROUP
LOAD D:/Program Files/STM32CubeIDE_1.15.1/STM32CubeIDE/plugins/com.st.stm32cube.ide.mcu.externaltools.gnu-tools-for-stm32.13.3.rel1.win32_1.0.0.202411081344/tools/bin/../lib/gcc/arm-none-eabi/13.3.1/../../../../arm-none-eabi/lib/thumb/v7-m/nofp\libc_nano.a
LOAD D:/Program Files/STM32CubeIDE_1.15.1/STM32CubeIDE/plugins/com.st.stm32cube.ide.mcu.externaltools.gnu-tools-for-stm32.13.3.rel1.win32_1.0.0.202411081344/tools/bin/../lib/gcc/arm-none-eabi/13.3.1/../../../../arm-none-eabi/lib/thumb/v7-m/nofp\libm.a
END GROUP
START GROUP
LOAD D:/Program Files/STM32CubeIDE_1.15.1/STM32CubeIDE/plugins/com.st.stm32cube.ide.mcu.externaltools.gnu-tools-for-stm32.13.3.rel1.win32_1.0.0.202411081344/tools/bin/../lib/gcc/arm-none-eabi/13.3.1/thumb/v7-m/nofp\libgcc.a
LOAD D:/Program Files/STM32CubeIDE_1.15.1/STM32CubeIDE/plugins/com.st.stm32cube.ide.mcu.externaltools.gnu-tools-for-stm32.13.3.rel1.win32_1.0.0.202411081344/tools/bin/../lib/gcc/arm-none-eabi/13.3.1/../../../../arm-none-eabi/lib/thumb/v7-m/nofp\libc_nano.a
END GROUP
START GROUP
LOAD D:/Program Files/STM32CubeIDE_1.15.1/STM32CubeIDE/plugins/com.st.stm32cube.ide.mcu.externaltools.gnu-tools-for-stm32.13.3.rel1.win32_1.0.0.202411081344/tools/bin/../lib/gcc/arm-none-eabi/13.3.1/thumb/v7-m/nofp\libgcc.a
LOAD D:/Program Files/STM32CubeIDE_1.15.1/STM32CubeIDE/plugins/com.st.stm32cube.ide.mcu.externaltools.gnu-tools-for-stm32.13.3.rel1.win32_1.0.0.202411081344/tools/bin/../lib/gcc/arm-none-eabi/13.3.1/../../../../arm-none-eabi/lib/thumb/v7-m/nofp\libc_nano.a
LOAD D:/Program Files/STM32CubeIDE_1.15.1/STM32CubeIDE/plugins/com.st.stm32cube.ide.mcu.externaltools.gnu-tools-for-stm32.13.3.rel1.win32_1.0.0.202411081344/tools/bin/../lib/gcc/arm-none-eabi/13.3.1/../../../../arm-none-eabi/lib/thumb/v7-m/nofp\libnosys.a
END GROUP
START GROUP
LOAD D:/Program Files/STM32CubeIDE_1.15.1/STM32CubeIDE/plugins/com.st.stm32cube.ide.mcu.externaltools.gnu-tools-for-stm32.13.3.rel1.win32_1.0.0.202411081344/tools/bin/../lib/gcc/arm-none-eabi/13.3.1/thumb/v7-m/nofp\libgcc.a
LOAD D:/Program Files/STM32CubeIDE_1.15.1/STM32CubeIDE/plugins/com.st.stm32cube.ide.mcu.externaltools.gnu-tools-for-stm32.13.3.rel1.win32_1.0.0.202411081344/tools/bin/../lib/gcc/arm-none-eabi/13.3.1/../../../../arm-none-eabi/lib/thumb/v7-m/nofp\libc_nano.a
LOAD D:/Program Files/STM32CubeIDE_1.15.1/STM32CubeIDE/plugins/com.st.stm32cube.ide.mcu.externaltools.gnu-tools-for-stm32.13.3.rel1.win32_1.0.0.202411081344/tools/bin/../lib/gcc/arm-none-eabi/13.3.1/../../../../arm-none-eabi/lib/thumb/v7-m/nofp\libnosys.a
END GROUP
LOAD D:/Program Files/STM32CubeIDE_1.15.1/STM32CubeIDE/plugins/com.st.stm32cube.ide.mcu.externaltools.gnu-tools-for-stm32.13.3.rel1.win32_1.0.0.202411081344/tools/bin/../lib/gcc/arm-none-eabi/13.3.1/thumb/v7-m/nofp/crtend.o
LOAD D:/Program Files/STM32CubeIDE_1.15.1/STM32CubeIDE/plugins/com.st.stm32cube.ide.mcu.externaltools.gnu-tools-for-stm32.13.3.rel1.win32_1.0.0.202411081344/tools/bin/../lib/gcc/arm-none-eabi/13.3.1/thumb/v7-m/nofp/crtn.o
                0x20005000                        _estack = (ORIGIN (RAM) + LENGTH (RAM))
                0x00000200                        _Min_Heap_Size = 0x200
                0x00000400                        _Min_Stack_Size = 0x400

.isr_vector     0x08000000      0x10c
                0x08000000                        . = ALIGN (0x4)
 *(.isr_vector)
 .isr_vector    0x08000000      0x10c ./Core/Startup/startup_stm32f103c8tx.o
                0x08000000                g_pfnVectors
                0x0800010c                        . = ALIGN (0x4)

.text           0x0800010c     0x2460
                0x0800010c                        . = ALIGN (0x4)
 *(.text)
 .text          0x0800010c       0x40 D:/Program Files/STM32CubeIDE_1.15.1/STM32CubeIDE/plugins/com.st.stm32cube.ide.mcu.externaltools.gnu-tools-for-stm32.13.3.rel1.win32_1.0.0.202411081344/tools/bin/../lib/gcc/arm-none-eabi/13.3.1/thumb/v7-m/nofp/crtbegin.o
 *(.text*)
 .text.CS_Select
                0x0800014c       0x18 ./Core/Src/NRF24L01.o
                0x0800014c                CS_Select
 .text.CS_UnSelect
                0x08000164       0x18 ./Core/Src/NRF24L01.o
                0x08000164                CS_UnSelect
 .text.CE_Enable
                0x0800017c       0x18 ./Core/Src/NRF24L01.o
                0x0800017c                CE_Enable
 .text.CE_Disable
                0x08000194       0x18 ./Core/Src/NRF24L01.o
                0x08000194                CE_Disable
 .text.nrf24_WriteReg
                0x080001ac       0x44 ./Core/Src/NRF24L01.o
                0x080001ac                nrf24_WriteReg
 .text.nrf24_WriteRegMulti
                0x080001f0       0x4c ./Core/Src/NRF24L01.o
                0x080001f0                nrf24_WriteRegMulti
 .text.nrf24_ReadReg
                0x0800023c       0x40 ./Core/Src/NRF24L01.o
                0x0800023c                nrf24_ReadReg
 .text.nrfsendCmd
                0x0800027c       0x2c ./Core/Src/NRF24L01.o
                0x0800027c                nrfsendCmd
 .text.nrf24_reset
                0x080002a8      0x14c ./Core/Src/NRF24L01.o
                0x080002a8                nrf24_reset
 .text.NRF24_Init
                0x080003f4       0x4e ./Core/Src/NRF24L01.o
                0x080003f4                NRF24_Init
 .text.NRF24_TxMode
                0x08000442       0x4c ./Core/Src/NRF24L01.o
                0x08000442                NRF24_TxMode
 *fill*         0x0800048e        0x2 
 .text.NRF24_Transmit
                0x08000490       0x7c ./Core/Src/NRF24L01.o
                0x08000490                NRF24_Transmit
 .text.main     0x0800050c       0x50 ./Core/Src/main.o
                0x0800050c                main
 .text.SystemClock_Config
                0x0800055c       0x8a ./Core/Src/main.o
                0x0800055c                SystemClock_Config
 *fill*         0x080005e6        0x2 
 .text.MX_SPI1_Init
                0x080005e8       0x6c ./Core/Src/main.o
 .text.MX_USART1_UART_Init
                0x08000654       0x54 ./Core/Src/main.o
 .text.MX_GPIO_Init
                0x080006a8       0xc0 ./Core/Src/main.o
 .text.Error_Handler
                0x08000768        0xc ./Core/Src/main.o
                0x08000768                Error_Handler
 .text.HAL_MspInit
                0x08000774       0x64 ./Core/Src/stm32f1xx_hal_msp.o
                0x08000774                HAL_MspInit
 .text.HAL_SPI_MspInit
                0x080007d8       0x94 ./Core/Src/stm32f1xx_hal_msp.o
                0x080007d8                HAL_SPI_MspInit
 .text.HAL_UART_MspInit
                0x0800086c       0x98 ./Core/Src/stm32f1xx_hal_msp.o
                0x0800086c                HAL_UART_MspInit
 .text.NMI_Handler
                0x08000904        0x8 ./Core/Src/stm32f1xx_it.o
                0x08000904                NMI_Handler
 .text.HardFault_Handler
                0x0800090c        0x8 ./Core/Src/stm32f1xx_it.o
                0x0800090c                HardFault_Handler
 .text.MemManage_Handler
                0x08000914        0x8 ./Core/Src/stm32f1xx_it.o
                0x08000914                MemManage_Handler
 .text.BusFault_Handler
                0x0800091c        0x8 ./Core/Src/stm32f1xx_it.o
                0x0800091c                BusFault_Handler
 .text.UsageFault_Handler
                0x08000924        0x8 ./Core/Src/stm32f1xx_it.o
                0x08000924                UsageFault_Handler
 .text.SVC_Handler
                0x0800092c        0xc ./Core/Src/stm32f1xx_it.o
                0x0800092c                SVC_Handler
 .text.DebugMon_Handler
                0x08000938        0xc ./Core/Src/stm32f1xx_it.o
                0x08000938                DebugMon_Handler
 .text.PendSV_Handler
                0x08000944        0xc ./Core/Src/stm32f1xx_it.o
                0x08000944                PendSV_Handler
 .text.SysTick_Handler
                0x08000950        0xc ./Core/Src/stm32f1xx_it.o
                0x08000950                SysTick_Handler
 .text.SystemInit
                0x0800095c        0xc ./Core/Src/system_stm32f1xx.o
                0x0800095c                SystemInit
 .text.Reset_Handler
                0x08000968       0x48 ./Core/Startup/startup_stm32f103c8tx.o
                0x08000968                Reset_Handler
 .text.Default_Handler
                0x080009b0        0x2 ./Core/Startup/startup_stm32f103c8tx.o
                0x080009b0                RTC_Alarm_IRQHandler
                0x080009b0                EXTI2_IRQHandler
                0x080009b0                TIM1_CC_IRQHandler
                0x080009b0                PVD_IRQHandler
                0x080009b0                EXTI3_IRQHandler
                0x080009b0                EXTI0_IRQHandler
                0x080009b0                I2C2_EV_IRQHandler
                0x080009b0                ADC1_2_IRQHandler
                0x080009b0                SPI1_IRQHandler
                0x080009b0                TAMPER_IRQHandler
                0x080009b0                DMA1_Channel4_IRQHandler
                0x080009b0                USART3_IRQHandler
                0x080009b0                RTC_IRQHandler
                0x080009b0                DMA1_Channel7_IRQHandler
                0x080009b0                CAN1_RX1_IRQHandler
                0x080009b0                TIM4_IRQHandler
                0x080009b0                I2C1_EV_IRQHandler
                0x080009b0                DMA1_Channel6_IRQHandler
                0x080009b0                TIM3_IRQHandler
                0x080009b0                RCC_IRQHandler
                0x080009b0                TIM1_TRG_COM_IRQHandler
                0x080009b0                DMA1_Channel1_IRQHandler
                0x080009b0                Default_Handler
                0x080009b0                EXTI15_10_IRQHandler
                0x080009b0                EXTI9_5_IRQHandler
                0x080009b0                SPI2_IRQHandler
                0x080009b0                DMA1_Channel5_IRQHandler
                0x080009b0                EXTI4_IRQHandler
                0x080009b0                USB_LP_CAN1_RX0_IRQHandler
                0x080009b0                USB_HP_CAN1_TX_IRQHandler
                0x080009b0                DMA1_Channel3_IRQHandler
                0x080009b0                TIM1_UP_IRQHandler
                0x080009b0                WWDG_IRQHandler
                0x080009b0                TIM2_IRQHandler
                0x080009b0                TIM1_BRK_IRQHandler
                0x080009b0                EXTI1_IRQHandler
                0x080009b0                USART2_IRQHandler
                0x080009b0                I2C2_ER_IRQHandler
                0x080009b0                DMA1_Channel2_IRQHandler
                0x080009b0                CAN1_SCE_IRQHandler
                0x080009b0                FLASH_IRQHandler
                0x080009b0                USART1_IRQHandler
                0x080009b0                I2C1_ER_IRQHandler
                0x080009b0                USBWakeUp_IRQHandler
 *fill*         0x080009b2        0x2 
 .text.HAL_Init
                0x080009b4       0x2c ./Drivers/STM32F1xx_HAL_Driver/Src/stm32f1xx_hal.o
                0x080009b4                HAL_Init
 .text.HAL_InitTick
                0x080009e0       0x60 ./Drivers/STM32F1xx_HAL_Driver/Src/stm32f1xx_hal.o
                0x080009e0                HAL_InitTick
 .text.HAL_IncTick
                0x08000a40       0x24 ./Drivers/STM32F1xx_HAL_Driver/Src/stm32f1xx_hal.o
                0x08000a40                HAL_IncTick
 .text.HAL_GetTick
                0x08000a64       0x14 ./Drivers/STM32F1xx_HAL_Driver/Src/stm32f1xx_hal.o
                0x08000a64                HAL_GetTick
 .text.HAL_Delay
                0x08000a78       0x48 ./Drivers/STM32F1xx_HAL_Driver/Src/stm32f1xx_hal.o
                0x08000a78                HAL_Delay
 .text.__NVIC_SetPriorityGrouping
                0x08000ac0       0x48 ./Drivers/STM32F1xx_HAL_Driver/Src/stm32f1xx_hal_cortex.o
 .text.__NVIC_GetPriorityGrouping
                0x08000b08       0x1c ./Drivers/STM32F1xx_HAL_Driver/Src/stm32f1xx_hal_cortex.o
 .text.__NVIC_SetPriority
                0x08000b24       0x54 ./Drivers/STM32F1xx_HAL_Driver/Src/stm32f1xx_hal_cortex.o
 .text.NVIC_EncodePriority
                0x08000b78       0x64 ./Drivers/STM32F1xx_HAL_Driver/Src/stm32f1xx_hal_cortex.o
 .text.SysTick_Config
                0x08000bdc       0x44 ./Drivers/STM32F1xx_HAL_Driver/Src/stm32f1xx_hal_cortex.o
 .text.HAL_NVIC_SetPriorityGrouping
                0x08000c20       0x16 ./Drivers/STM32F1xx_HAL_Driver/Src/stm32f1xx_hal_cortex.o
                0x08000c20                HAL_NVIC_SetPriorityGrouping
 .text.HAL_NVIC_SetPriority
                0x08000c36       0x38 ./Drivers/STM32F1xx_HAL_Driver/Src/stm32f1xx_hal_cortex.o
                0x08000c36                HAL_NVIC_SetPriority
 .text.HAL_SYSTICK_Config
                0x08000c6e       0x18 ./Drivers/STM32F1xx_HAL_Driver/Src/stm32f1xx_hal_cortex.o
                0x08000c6e                HAL_SYSTICK_Config
 *fill*         0x08000c86        0x2 
 .text.HAL_GPIO_Init
                0x08000c88      0x308 ./Drivers/STM32F1xx_HAL_Driver/Src/stm32f1xx_hal_gpio.o
                0x08000c88                HAL_GPIO_Init
 .text.HAL_GPIO_WritePin
                0x08000f90       0x30 ./Drivers/STM32F1xx_HAL_Driver/Src/stm32f1xx_hal_gpio.o
                0x08000f90                HAL_GPIO_WritePin
 .text.HAL_GPIO_TogglePin
                0x08000fc0       0x32 ./Drivers/STM32F1xx_HAL_Driver/Src/stm32f1xx_hal_gpio.o
                0x08000fc0                HAL_GPIO_TogglePin
 *fill*         0x08000ff2        0x2 
 .text.HAL_RCC_OscConfig
                0x08000ff4      0x504 ./Drivers/STM32F1xx_HAL_Driver/Src/stm32f1xx_hal_rcc.o
                0x08000ff4                HAL_RCC_OscConfig
 .text.HAL_RCC_ClockConfig
                0x080014f8      0x1d4 ./Drivers/STM32F1xx_HAL_Driver/Src/stm32f1xx_hal_rcc.o
                0x080014f8                HAL_RCC_ClockConfig
 .text.HAL_RCC_GetSysClockFreq
                0x080016cc       0xa8 ./Drivers/STM32F1xx_HAL_Driver/Src/stm32f1xx_hal_rcc.o
                0x080016cc                HAL_RCC_GetSysClockFreq
 .text.HAL_RCC_GetHCLKFreq
                0x08001774       0x14 ./Drivers/STM32F1xx_HAL_Driver/Src/stm32f1xx_hal_rcc.o
                0x08001774                HAL_RCC_GetHCLKFreq
 .text.HAL_RCC_GetPCLK1Freq
                0x08001788       0x28 ./Drivers/STM32F1xx_HAL_Driver/Src/stm32f1xx_hal_rcc.o
                0x08001788                HAL_RCC_GetPCLK1Freq
 .text.HAL_RCC_GetPCLK2Freq
                0x080017b0       0x28 ./Drivers/STM32F1xx_HAL_Driver/Src/stm32f1xx_hal_rcc.o
                0x080017b0                HAL_RCC_GetPCLK2Freq
 .text.RCC_Delay
                0x080017d8       0x3c ./Drivers/STM32F1xx_HAL_Driver/Src/stm32f1xx_hal_rcc.o
 .text.HAL_SPI_Init
                0x08001814      0x108 ./Drivers/STM32F1xx_HAL_Driver/Src/stm32f1xx_hal_spi.o
                0x08001814                HAL_SPI_Init
 .text.HAL_SPI_Transmit
                0x0800191c      0x288 ./Drivers/STM32F1xx_HAL_Driver/Src/stm32f1xx_hal_spi.o
                0x0800191c                HAL_SPI_Transmit
 .text.HAL_SPI_Receive
                0x08001ba4      0x232 ./Drivers/STM32F1xx_HAL_Driver/Src/stm32f1xx_hal_spi.o
                0x08001ba4                HAL_SPI_Receive
 .text.HAL_SPI_TransmitReceive
                0x08001dd6      0x352 ./Drivers/STM32F1xx_HAL_Driver/Src/stm32f1xx_hal_spi.o
                0x08001dd6                HAL_SPI_TransmitReceive
 .text.SPI_WaitFlagStateUntilTimeout
                0x08002128      0x110 ./Drivers/STM32F1xx_HAL_Driver/Src/stm32f1xx_hal_spi.o
 .text.SPI_EndRxTransaction
                0x08002238       0xa4 ./Drivers/STM32F1xx_HAL_Driver/Src/stm32f1xx_hal_spi.o
 .text.SPI_EndRxTxTransaction
                0x080022dc       0x62 ./Drivers/STM32F1xx_HAL_Driver/Src/stm32f1xx_hal_spi.o
 .text.HAL_UART_Init
                0x0800233e       0xa0 ./Drivers/STM32F1xx_HAL_Driver/Src/stm32f1xx_hal_uart.o
                0x0800233e                HAL_UART_Init
 *fill*         0x080023de        0x2 
 .text.UART_SetConfig
                0x080023e0      0x11c ./Drivers/STM32F1xx_HAL_Driver/Src/stm32f1xx_hal_uart.o
 .text.memset   0x080024fc       0x10 D:/Program Files/STM32CubeIDE_1.15.1/STM32CubeIDE/plugins/com.st.stm32cube.ide.mcu.externaltools.gnu-tools-for-stm32.13.3.rel1.win32_1.0.0.202411081344/tools/bin/../lib/gcc/arm-none-eabi/13.3.1/../../../../arm-none-eabi/lib/thumb/v7-m/nofp\libc_nano.a(libc_a-memset.o)
                0x080024fc                memset
 .text.__libc_init_array
                0x0800250c       0x48 D:/Program Files/STM32CubeIDE_1.15.1/STM32CubeIDE/plugins/com.st.stm32cube.ide.mcu.externaltools.gnu-tools-for-stm32.13.3.rel1.win32_1.0.0.202411081344/tools/bin/../lib/gcc/arm-none-eabi/13.3.1/../../../../arm-none-eabi/lib/thumb/v7-m/nofp\libc_nano.a(libc_a-init.o)
                0x0800250c                __libc_init_array
 *(.glue_7)
 .glue_7        0x08002554        0x0 linker stubs
 *(.glue_7t)
 .glue_7t       0x08002554        0x0 linker stubs
 *(.eh_frame)
 .eh_frame      0x08002554        0x0 D:/Program Files/STM32CubeIDE_1.15.1/STM32CubeIDE/plugins/com.st.stm32cube.ide.mcu.externaltools.gnu-tools-for-stm32.13.3.rel1.win32_1.0.0.202411081344/tools/bin/../lib/gcc/arm-none-eabi/13.3.1/thumb/v7-m/nofp/crtbegin.o
 *(.init)
 .init          0x08002554        0x4 D:/Program Files/STM32CubeIDE_1.15.1/STM32CubeIDE/plugins/com.st.stm32cube.ide.mcu.externaltools.gnu-tools-for-stm32.13.3.rel1.win32_1.0.0.202411081344/tools/bin/../lib/gcc/arm-none-eabi/13.3.1/thumb/v7-m/nofp/crti.o
                0x08002554                _init
 .init          0x08002558        0x8 D:/Program Files/STM32CubeIDE_1.15.1/STM32CubeIDE/plugins/com.st.stm32cube.ide.mcu.externaltools.gnu-tools-for-stm32.13.3.rel1.win32_1.0.0.202411081344/tools/bin/../lib/gcc/arm-none-eabi/13.3.1/thumb/v7-m/nofp/crtn.o
 *(.fini)
 .fini          0x08002560        0x4 D:/Program Files/STM32CubeIDE_1.15.1/STM32CubeIDE/plugins/com.st.stm32cube.ide.mcu.externaltools.gnu-tools-for-stm32.13.3.rel1.win32_1.0.0.202411081344/tools/bin/../lib/gcc/arm-none-eabi/13.3.1/thumb/v7-m/nofp/crti.o
                0x08002560                _fini
 .fini          0x08002564        0x8 D:/Program Files/STM32CubeIDE_1.15.1/STM32CubeIDE/plugins/com.st.stm32cube.ide.mcu.externaltools.gnu-tools-for-stm32.13.3.rel1.win32_1.0.0.202411081344/tools/bin/../lib/gcc/arm-none-eabi/13.3.1/thumb/v7-m/nofp/crtn.o
                0x0800256c                        . = ALIGN (0x4)
                0x0800256c                        _etext = .

.vfp11_veneer   0x0800256c        0x0
 .vfp11_veneer  0x0800256c        0x0 linker stubs

.v4_bx          0x0800256c        0x0
 .v4_bx         0x0800256c        0x0 linker stubs

.iplt           0x0800256c        0x0
 .iplt          0x0800256c        0x0 D:/Program Files/STM32CubeIDE_1.15.1/STM32CubeIDE/plugins/com.st.stm32cube.ide.mcu.externaltools.gnu-tools-for-stm32.13.3.rel1.win32_1.0.0.202411081344/tools/bin/../lib/gcc/arm-none-eabi/13.3.1/thumb/v7-m/nofp/crtbegin.o

.rodata         0x0800256c       0x3c
                0x0800256c                        . = ALIGN (0x4)
 *(.rodata)
 .rodata        0x0800256c        0xd ./Core/Src/NRF24L01.o
 *(.rodata*)
 *fill*         0x08002579        0x3 
 .rodata.AHBPrescTable
                0x0800257c       0x10 ./Core/Src/system_stm32f1xx.o
                0x0800257c                AHBPrescTable
 .rodata.APBPrescTable
                0x0800258c        0x8 ./Core/Src/system_stm32f1xx.o
                0x0800258c                APBPrescTable
 .rodata.aPLLMULFactorTable.1
                0x08002594       0x10 ./Drivers/STM32F1xx_HAL_Driver/Src/stm32f1xx_hal_rcc.o
 .rodata.aPredivFactorTable.0
                0x080025a4        0x2 ./Drivers/STM32F1xx_HAL_Driver/Src/stm32f1xx_hal_rcc.o
                0x080025a8                        . = ALIGN (0x4)
 *fill*         0x080025a6        0x2 

.ARM.extab      0x080025a8        0x0
                0x080025a8                        . = ALIGN (0x4)
 *(.ARM.extab* .gnu.linkonce.armextab.*)
                0x080025a8                        . = ALIGN (0x4)

.ARM            0x080025a8        0x0
                0x080025a8                        . = ALIGN (0x4)
                0x080025a8                        __exidx_start = .
 *(.ARM.exidx*)
                0x080025a8                        __exidx_end = .
                0x080025a8                        . = ALIGN (0x4)

.preinit_array  0x080025a8        0x0
                0x080025a8                        . = ALIGN (0x4)
                0x080025a8                        PROVIDE (__preinit_array_start = .)
 *(.preinit_array*)
                0x080025a8                        PROVIDE (__preinit_array_end = .)
                0x080025a8                        . = ALIGN (0x4)

.init_array     0x080025a8        0x4
                0x080025a8                        . = ALIGN (0x4)
                0x080025a8                        PROVIDE (__init_array_start = .)
 *(SORT_BY_NAME(.init_array.*))
 *(.init_array*)
 .init_array    0x080025a8        0x4 D:/Program Files/STM32CubeIDE_1.15.1/STM32CubeIDE/plugins/com.st.stm32cube.ide.mcu.externaltools.gnu-tools-for-stm32.13.3.rel1.win32_1.0.0.202411081344/tools/bin/../lib/gcc/arm-none-eabi/13.3.1/thumb/v7-m/nofp/crtbegin.o
                0x080025ac                        PROVIDE (__init_array_end = .)
                0x080025ac                        . = ALIGN (0x4)

.fini_array     0x080025ac        0x4
                0x080025ac                        . = ALIGN (0x4)
                [!provide]                        PROVIDE (__fini_array_start = .)
 *(SORT_BY_NAME(.fini_array.*))
 *(.fini_array*)
 .fini_array    0x080025ac        0x4 D:/Program Files/STM32CubeIDE_1.15.1/STM32CubeIDE/plugins/com.st.stm32cube.ide.mcu.externaltools.gnu-tools-for-stm32.13.3.rel1.win32_1.0.0.202411081344/tools/bin/../lib/gcc/arm-none-eabi/13.3.1/thumb/v7-m/nofp/crtbegin.o
                [!provide]                        PROVIDE (__fini_array_end = .)
                0x080025b0                        . = ALIGN (0x4)
                0x080025b0                        _sidata = LOADADDR (.data)

.rel.dyn        0x080025b0        0x0
 .rel.iplt      0x080025b0        0x0 D:/Program Files/STM32CubeIDE_1.15.1/STM32CubeIDE/plugins/com.st.stm32cube.ide.mcu.externaltools.gnu-tools-for-stm32.13.3.rel1.win32_1.0.0.202411081344/tools/bin/../lib/gcc/arm-none-eabi/13.3.1/thumb/v7-m/nofp/crtbegin.o

.data           0x20000000       0x24 load address 0x080025b0
                0x20000000                        . = ALIGN (0x4)
                0x20000000                        _sdata = .
 *(.data)
 *(.data*)
 .data.TxAddress
                0x20000000        0x5 ./Core/Src/main.o
                0x20000000                TxAddress
 *fill*         0x20000005        0x3 
 .data.TxData   0x20000008        0xd ./Core/Src/main.o
                0x20000008                TxData
 *fill*         0x20000015        0x3 
 .data.SystemCoreClock
                0x20000018        0x4 ./Core/Src/system_stm32f1xx.o
                0x20000018                SystemCoreClock
 .data.uwTickPrio
                0x2000001c        0x4 ./Drivers/STM32F1xx_HAL_Driver/Src/stm32f1xx_hal.o
                0x2000001c                uwTickPrio
 .data.uwTickFreq
                0x20000020        0x1 ./Drivers/STM32F1xx_HAL_Driver/Src/stm32f1xx_hal.o
                0x20000020                uwTickFreq
 *(.RamFunc)
 *(.RamFunc*)
                0x20000024                        . = ALIGN (0x4)
 *fill*         0x20000021        0x3 
                0x20000024                        _edata = .

.igot.plt       0x20000024        0x0 load address 0x080025d4
 .igot.plt      0x20000024        0x0 D:/Program Files/STM32CubeIDE_1.15.1/STM32CubeIDE/plugins/com.st.stm32cube.ide.mcu.externaltools.gnu-tools-for-stm32.13.3.rel1.win32_1.0.0.202411081344/tools/bin/../lib/gcc/arm-none-eabi/13.3.1/thumb/v7-m/nofp/crtbegin.o
                0x20000024                        . = ALIGN (0x4)

.bss            0x20000024       0xc0 load address 0x080025d4
                0x20000024                        _sbss = .
                0x20000024                        __bss_start__ = _sbss
 *(.bss)
 .bss           0x20000024       0x1c D:/Program Files/STM32CubeIDE_1.15.1/STM32CubeIDE/plugins/com.st.stm32cube.ide.mcu.externaltools.gnu-tools-for-stm32.13.3.rel1.win32_1.0.0.202411081344/tools/bin/../lib/gcc/arm-none-eabi/13.3.1/thumb/v7-m/nofp/crtbegin.o
 *(.bss*)
 .bss.hspi1     0x20000040       0x58 ./Core/Src/main.o
                0x20000040                hspi1
 .bss.huart1    0x20000098       0x48 ./Core/Src/main.o
                0x20000098                huart1
 .bss.uwTick    0x200000e0        0x4 ./Drivers/STM32F1xx_HAL_Driver/Src/stm32f1xx_hal.o
                0x200000e0                uwTick
 *(COMMON)
                0x200000e4                        . = ALIGN (0x4)
                0x200000e4                        _ebss = .
                0x200000e4                        __bss_end__ = _ebss

._user_heap_stack
                0x200000e4      0x604 load address 0x080025d4
                0x200000e8                        . = ALIGN (0x8)
 *fill*         0x200000e4        0x4 
                [!provide]                        PROVIDE (end = .)
                0x200000e8                        PROVIDE (_end = .)
                0x200002e8                        . = (. + _Min_Heap_Size)
 *fill*         0x200000e8      0x200 
                0x200006e8                        . = (. + _Min_Stack_Size)
 *fill*         0x200002e8      0x400 
                0x200006e8                        . = ALIGN (0x8)

/DISCARD/
 libc.a(*)
 libm.a(*)
 libgcc.a(*)

.ARM.attributes
                0x00000000       0x29
 *(.ARM.attributes)
 .ARM.attributes
                0x00000000       0x1d D:/Program Files/STM32CubeIDE_1.15.1/STM32CubeIDE/plugins/com.st.stm32cube.ide.mcu.externaltools.gnu-tools-for-stm32.13.3.rel1.win32_1.0.0.202411081344/tools/bin/../lib/gcc/arm-none-eabi/13.3.1/thumb/v7-m/nofp/crti.o
 .ARM.attributes
                0x0000001d       0x2d D:/Program Files/STM32CubeIDE_1.15.1/STM32CubeIDE/plugins/com.st.stm32cube.ide.mcu.externaltools.gnu-tools-for-stm32.13.3.rel1.win32_1.0.0.202411081344/tools/bin/../lib/gcc/arm-none-eabi/13.3.1/thumb/v7-m/nofp/crtbegin.o
 .ARM.attributes
                0x0000004a       0x2d ./Core/Src/NRF24L01.o
 .ARM.attributes
                0x00000077       0x2d ./Core/Src/main.o
 .ARM.attributes
                0x000000a4       0x2d ./Core/Src/stm32f1xx_hal_msp.o
 .ARM.attributes
                0x000000d1       0x2d ./Core/Src/stm32f1xx_it.o
 .ARM.attributes
                0x000000fe       0x2d ./Core/Src/system_stm32f1xx.o
 .ARM.attributes
                0x0000012b       0x21 ./Core/Startup/startup_stm32f103c8tx.o
 .ARM.attributes
                0x0000014c       0x2d ./Drivers/STM32F1xx_HAL_Driver/Src/stm32f1xx_hal.o
 .ARM.attributes
                0x00000179       0x2d ./Drivers/STM32F1xx_HAL_Driver/Src/stm32f1xx_hal_cortex.o
 .ARM.attributes
                0x000001a6       0x2d ./Drivers/STM32F1xx_HAL_Driver/Src/stm32f1xx_hal_gpio.o
 .ARM.attributes
                0x000001d3       0x2d ./Drivers/STM32F1xx_HAL_Driver/Src/stm32f1xx_hal_rcc.o
 .ARM.attributes
                0x00000200       0x2d ./Drivers/STM32F1xx_HAL_Driver/Src/stm32f1xx_hal_spi.o
 .ARM.attributes
                0x0000022d       0x2d ./Drivers/STM32F1xx_HAL_Driver/Src/stm32f1xx_hal_uart.o
 .ARM.attributes
                0x0000025a       0x2d D:/Program Files/STM32CubeIDE_1.15.1/STM32CubeIDE/plugins/com.st.stm32cube.ide.mcu.externaltools.gnu-tools-for-stm32.13.3.rel1.win32_1.0.0.202411081344/tools/bin/../lib/gcc/arm-none-eabi/13.3.1/../../../../arm-none-eabi/lib/thumb/v7-m/nofp\libc_nano.a(libc_a-memset.o)
 .ARM.attributes
                0x00000287       0x2d D:/Program Files/STM32CubeIDE_1.15.1/STM32CubeIDE/plugins/com.st.stm32cube.ide.mcu.externaltools.gnu-tools-for-stm32.13.3.rel1.win32_1.0.0.202411081344/tools/bin/../lib/gcc/arm-none-eabi/13.3.1/../../../../arm-none-eabi/lib/thumb/v7-m/nofp\libc_nano.a(libc_a-init.o)
 .ARM.attributes
                0x000002b4       0x1d D:/Program Files/STM32CubeIDE_1.15.1/STM32CubeIDE/plugins/com.st.stm32cube.ide.mcu.externaltools.gnu-tools-for-stm32.13.3.rel1.win32_1.0.0.202411081344/tools/bin/../lib/gcc/arm-none-eabi/13.3.1/thumb/v7-m/nofp/crtn.o
OUTPUT(NRF_TX_F103.elf elf32-littlearm)
LOAD linker stubs
LOAD D:/Program Files/STM32CubeIDE_1.15.1/STM32CubeIDE/plugins/com.st.stm32cube.ide.mcu.externaltools.gnu-tools-for-stm32.13.3.rel1.win32_1.0.0.202411081344/tools/bin/../lib/gcc/arm-none-eabi/13.3.1/../../../../arm-none-eabi/lib/thumb/v7-m/nofp\libc.a
LOAD D:/Program Files/STM32CubeIDE_1.15.1/STM32CubeIDE/plugins/com.st.stm32cube.ide.mcu.externaltools.gnu-tools-for-stm32.13.3.rel1.win32_1.0.0.202411081344/tools/bin/../lib/gcc/arm-none-eabi/13.3.1/../../../../arm-none-eabi/lib/thumb/v7-m/nofp\libm.a
LOAD D:/Program Files/STM32CubeIDE_1.15.1/STM32CubeIDE/plugins/com.st.stm32cube.ide.mcu.externaltools.gnu-tools-for-stm32.13.3.rel1.win32_1.0.0.202411081344/tools/bin/../lib/gcc/arm-none-eabi/13.3.1/thumb/v7-m/nofp\libgcc.a

.debug_info     0x00000000     0x871b
 .debug_info    0x00000000      0xa04 ./Core/Src/NRF24L01.o
 .debug_info    0x00000a04      0xcad ./Core/Src/main.o
 .debug_info    0x000016b1      0xae0 ./Core/Src/stm32f1xx_hal_msp.o
 .debug_info    0x00002191      0x113 ./Core/Src/stm32f1xx_it.o
 .debug_info    0x000022a4      0x222 ./Core/Src/system_stm32f1xx.o
 .debug_info    0x000024c6       0x30 ./Core/Startup/startup_stm32f103c8tx.o
 .debug_info    0x000024f6      0x704 ./Drivers/STM32F1xx_HAL_Driver/Src/stm32f1xx_hal.o
 .debug_info    0x00002bfa      0xa87 ./Drivers/STM32F1xx_HAL_Driver/Src/stm32f1xx_hal_cortex.o
 .debug_info    0x00003681      0x5ab ./Drivers/STM32F1xx_HAL_Driver/Src/stm32f1xx_hal_gpio.o
 .debug_info    0x00003c2c      0x7d5 ./Drivers/STM32F1xx_HAL_Driver/Src/stm32f1xx_hal_rcc.o
 .debug_info    0x00004401     0x142d ./Drivers/STM32F1xx_HAL_Driver/Src/stm32f1xx_hal_spi.o
 .debug_info    0x0000582e     0x2eed ./Drivers/STM32F1xx_HAL_Driver/Src/stm32f1xx_hal_uart.o

.debug_abbrev   0x00000000     0x1794
 .debug_abbrev  0x00000000      0x2a4 ./Core/Src/NRF24L01.o
 .debug_abbrev  0x000002a4      0x286 ./Core/Src/main.o
 .debug_abbrev  0x0000052a      0x1ac ./Core/Src/stm32f1xx_hal_msp.o
 .debug_abbrev  0x000006d6       0x73 ./Core/Src/stm32f1xx_it.o
 .debug_abbrev  0x00000749      0x13f ./Core/Src/system_stm32f1xx.o
 .debug_abbrev  0x00000888       0x24 ./Core/Startup/startup_stm32f103c8tx.o
 .debug_abbrev  0x000008ac      0x201 ./Drivers/STM32F1xx_HAL_Driver/Src/stm32f1xx_hal.o
 .debug_abbrev  0x00000aad      0x2f8 ./Drivers/STM32F1xx_HAL_Driver/Src/stm32f1xx_hal_cortex.o
 .debug_abbrev  0x00000da5      0x1ca ./Drivers/STM32F1xx_HAL_Driver/Src/stm32f1xx_hal_gpio.o
 .debug_abbrev  0x00000f6f      0x2b3 ./Drivers/STM32F1xx_HAL_Driver/Src/stm32f1xx_hal_rcc.o
 .debug_abbrev  0x00001222      0x27a ./Drivers/STM32F1xx_HAL_Driver/Src/stm32f1xx_hal_spi.o
 .debug_abbrev  0x0000149c      0x2f8 ./Drivers/STM32F1xx_HAL_Driver/Src/stm32f1xx_hal_uart.o

.debug_aranges  0x00000000      0x878
 .debug_aranges
                0x00000000       0xa0 ./Core/Src/NRF24L01.o
 .debug_aranges
                0x000000a0       0x48 ./Core/Src/main.o
 .debug_aranges
                0x000000e8       0x40 ./Core/Src/stm32f1xx_hal_msp.o
 .debug_aranges
                0x00000128       0x60 ./Core/Src/stm32f1xx_it.o
 .debug_aranges
                0x00000188       0x28 ./Core/Src/system_stm32f1xx.o
 .debug_aranges
                0x000001b0       0x28 ./Core/Startup/startup_stm32f103c8tx.o
 .debug_aranges
                0x000001d8       0xe0 ./Drivers/STM32F1xx_HAL_Driver/Src/stm32f1xx_hal.o
 .debug_aranges
                0x000002b8      0x100 ./Drivers/STM32F1xx_HAL_Driver/Src/stm32f1xx_hal_cortex.o
 .debug_aranges
                0x000003b8       0x58 ./Drivers/STM32F1xx_HAL_Driver/Src/stm32f1xx_hal_gpio.o
 .debug_aranges
                0x00000410       0x90 ./Drivers/STM32F1xx_HAL_Driver/Src/stm32f1xx_hal_rcc.o
 .debug_aranges
                0x000004a0      0x1d0 ./Drivers/STM32F1xx_HAL_Driver/Src/stm32f1xx_hal_spi.o
 .debug_aranges
                0x00000670      0x208 ./Drivers/STM32F1xx_HAL_Driver/Src/stm32f1xx_hal_uart.o

.debug_rnglists
                0x00000000      0x67e
 .debug_rnglists
                0x00000000       0x75 ./Core/Src/NRF24L01.o
 .debug_rnglists
                0x00000075       0x33 ./Core/Src/main.o
 .debug_rnglists
                0x000000a8       0x2d ./Core/Src/stm32f1xx_hal_msp.o
 .debug_rnglists
                0x000000d5       0x43 ./Core/Src/stm32f1xx_it.o
 .debug_rnglists
                0x00000118       0x1a ./Core/Src/system_stm32f1xx.o
 .debug_rnglists
                0x00000132       0x19 ./Core/Startup/startup_stm32f103c8tx.o
 .debug_rnglists
                0x0000014b       0xa3 ./Drivers/STM32F1xx_HAL_Driver/Src/stm32f1xx_hal.o
 .debug_rnglists
                0x000001ee       0xbb ./Drivers/STM32F1xx_HAL_Driver/Src/stm32f1xx_hal_cortex.o
 .debug_rnglists
                0x000002a9       0x3f ./Drivers/STM32F1xx_HAL_Driver/Src/stm32f1xx_hal_gpio.o
 .debug_rnglists
                0x000002e8       0x6c ./Drivers/STM32F1xx_HAL_Driver/Src/stm32f1xx_hal_rcc.o
 .debug_rnglists
                0x00000354      0x16e ./Drivers/STM32F1xx_HAL_Driver/Src/stm32f1xx_hal_spi.o
 .debug_rnglists
                0x000004c2      0x1bc ./Drivers/STM32F1xx_HAL_Driver/Src/stm32f1xx_hal_uart.o

.debug_macro    0x00000000    0x16498
 .debug_macro   0x00000000      0x1bf ./Core/Src/NRF24L01.o
 .debug_macro   0x000001bf      0xacc ./Core/Src/NRF24L01.o
 .debug_macro   0x00000c8b      0x21b ./Core/Src/NRF24L01.o
 .debug_macro   0x00000ea6       0x2e ./Core/Src/NRF24L01.o
 .debug_macro   0x00000ed4       0x22 ./Core/Src/NRF24L01.o
 .debug_macro   0x00000ef6       0x22 ./Core/Src/NRF24L01.o
 .debug_macro   0x00000f18       0x8e ./Core/Src/NRF24L01.o
 .debug_macro   0x00000fa6       0x51 ./Core/Src/NRF24L01.o
 .debug_macro   0x00000ff7      0x103 ./Core/Src/NRF24L01.o
 .debug_macro   0x000010fa       0x6a ./Core/Src/NRF24L01.o
 .debug_macro   0x00001164      0x1df ./Core/Src/NRF24L01.o
 .debug_macro   0x00001343       0x1c ./Core/Src/NRF24L01.o
 .debug_macro   0x0000135f       0x22 ./Core/Src/NRF24L01.o
 .debug_macro   0x00001381       0xbd ./Core/Src/NRF24L01.o
 .debug_macro   0x0000143e      0xd23 ./Core/Src/NRF24L01.o
 .debug_macro   0x00002161     0xe09e ./Core/Src/NRF24L01.o
 .debug_macro   0x000101ff       0x6d ./Core/Src/NRF24L01.o
 .debug_macro   0x0001026c     0x34a2 ./Core/Src/NRF24L01.o
 .debug_macro   0x0001370e      0x190 ./Core/Src/NRF24L01.o
 .debug_macro   0x0001389e       0x5c ./Core/Src/NRF24L01.o
 .debug_macro   0x000138fa      0x5bc ./Core/Src/NRF24L01.o
 .debug_macro   0x00013eb6      0x289 ./Core/Src/NRF24L01.o
 .debug_macro   0x0001413f      0x1cb ./Core/Src/NRF24L01.o
 .debug_macro   0x0001430a      0x114 ./Core/Src/NRF24L01.o
 .debug_macro   0x0001441e      0x1b2 ./Core/Src/NRF24L01.o
 .debug_macro   0x000145d0       0x27 ./Core/Src/NRF24L01.o
 .debug_macro   0x000145f7      0x136 ./Core/Src/NRF24L01.o
 .debug_macro   0x0001472d      0x1bc ./Core/Src/NRF24L01.o
 .debug_macro   0x000148e9       0x34 ./Core/Src/NRF24L01.o
 .debug_macro   0x0001491d       0x3c ./Core/Src/NRF24L01.o
 .debug_macro   0x00014959       0x57 ./Core/Src/NRF24L01.o
 .debug_macro   0x000149b0       0x87 ./Core/Src/NRF24L01.o
 .debug_macro   0x00014a37      0x240 ./Core/Src/NRF24L01.o
 .debug_macro   0x00014c77      0x140 ./Core/Src/NRF24L01.o
 .debug_macro   0x00014db7      0x217 ./Core/Src/NRF24L01.o
 .debug_macro   0x00014fce      0x28e ./Core/Src/NRF24L01.o
 .debug_macro   0x0001525c       0x83 ./Core/Src/NRF24L01.o
 .debug_macro   0x000152df       0xee ./Core/Src/NRF24L01.o
 .debug_macro   0x000153cd      0x1ab ./Core/Src/main.o
 .debug_macro   0x00015578      0x1a2 ./Core/Src/stm32f1xx_hal_msp.o
 .debug_macro   0x0001571a      0x1ac ./Core/Src/stm32f1xx_it.o
 .debug_macro   0x000158c6      0x198 ./Core/Src/system_stm32f1xx.o
 .debug_macro   0x00015a5e      0x1bc ./Drivers/STM32F1xx_HAL_Driver/Src/stm32f1xx_hal.o
 .debug_macro   0x00015c1a      0x198 ./Drivers/STM32F1xx_HAL_Driver/Src/stm32f1xx_hal_cortex.o
 .debug_macro   0x00015db2      0x203 ./Drivers/STM32F1xx_HAL_Driver/Src/stm32f1xx_hal_gpio.o
 .debug_macro   0x00015fb5      0x1aa ./Drivers/STM32F1xx_HAL_Driver/Src/stm32f1xx_hal_rcc.o
 .debug_macro   0x0001615f      0x1a0 ./Drivers/STM32F1xx_HAL_Driver/Src/stm32f1xx_hal_spi.o
 .debug_macro   0x000162ff      0x199 ./Drivers/STM32F1xx_HAL_Driver/Src/stm32f1xx_hal_uart.o

.debug_line     0x00000000     0x96cc
 .debug_line    0x00000000      0x9cc ./Core/Src/NRF24L01.o
 .debug_line    0x000009cc      0x832 ./Core/Src/main.o
 .debug_line    0x000011fe      0x785 ./Core/Src/stm32f1xx_hal_msp.o
 .debug_line    0x00001983      0x78d ./Core/Src/stm32f1xx_it.o
 .debug_line    0x00002110      0x75d ./Core/Src/system_stm32f1xx.o
 .debug_line    0x0000286d       0x78 ./Core/Startup/startup_stm32f103c8tx.o
 .debug_line    0x000028e5      0x98e ./Drivers/STM32F1xx_HAL_Driver/Src/stm32f1xx_hal.o
 .debug_line    0x00003273      0xb58 ./Drivers/STM32F1xx_HAL_Driver/Src/stm32f1xx_hal_cortex.o
 .debug_line    0x00003dcb      0x9eb ./Drivers/STM32F1xx_HAL_Driver/Src/stm32f1xx_hal_gpio.o
 .debug_line    0x000047b6      0xe47 ./Drivers/STM32F1xx_HAL_Driver/Src/stm32f1xx_hal_rcc.o
 .debug_line    0x000055fd     0x1c25 ./Drivers/STM32F1xx_HAL_Driver/Src/stm32f1xx_hal_spi.o
 .debug_line    0x00007222     0x24aa ./Drivers/STM32F1xx_HAL_Driver/Src/stm32f1xx_hal_uart.o

.debug_str      0x00000000    0x8021a
 .debug_str     0x00000000    0x8021a ./Core/Src/NRF24L01.o
                              0x7e65b (size before relaxing)
 .debug_str     0x0008021a    0x7e8a9 ./Core/Src/main.o
 .debug_str     0x0008021a    0x7e484 ./Core/Src/stm32f1xx_hal_msp.o
 .debug_str     0x0008021a    0x7de69 ./Core/Src/stm32f1xx_it.o
 .debug_str     0x0008021a    0x7de7f ./Core/Src/system_stm32f1xx.o
 .debug_str     0x0008021a       0x68 ./Core/Startup/startup_stm32f103c8tx.o
 .debug_str     0x0008021a    0x7e5b2 ./Drivers/STM32F1xx_HAL_Driver/Src/stm32f1xx_hal.o
 .debug_str     0x0008021a    0x7e4fe ./Drivers/STM32F1xx_HAL_Driver/Src/stm32f1xx_hal_cortex.o
 .debug_str     0x0008021a    0x7e205 ./Drivers/STM32F1xx_HAL_Driver/Src/stm32f1xx_hal_gpio.o
 .debug_str     0x0008021a    0x7e2ae ./Drivers/STM32F1xx_HAL_Driver/Src/stm32f1xx_hal_rcc.o
 .debug_str     0x0008021a    0x7e7a5 ./Drivers/STM32F1xx_HAL_Driver/Src/stm32f1xx_hal_spi.o
 .debug_str     0x0008021a    0x7e91f ./Drivers/STM32F1xx_HAL_Driver/Src/stm32f1xx_hal_uart.o

.comment        0x00000000       0x43
 .comment       0x00000000       0x43 ./Core/Src/NRF24L01.o
                                 0x44 (size before relaxing)
 .comment       0x00000043       0x44 ./Core/Src/main.o
 .comment       0x00000043       0x44 ./Core/Src/stm32f1xx_hal_msp.o
 .comment       0x00000043       0x44 ./Core/Src/stm32f1xx_it.o
 .comment       0x00000043       0x44 ./Core/Src/system_stm32f1xx.o
 .comment       0x00000043       0x44 ./Drivers/STM32F1xx_HAL_Driver/Src/stm32f1xx_hal.o
 .comment       0x00000043       0x44 ./Drivers/STM32F1xx_HAL_Driver/Src/stm32f1xx_hal_cortex.o
 .comment       0x00000043       0x44 ./Drivers/STM32F1xx_HAL_Driver/Src/stm32f1xx_hal_gpio.o
 .comment       0x00000043       0x44 ./Drivers/STM32F1xx_HAL_Driver/Src/stm32f1xx_hal_rcc.o
 .comment       0x00000043       0x44 ./Drivers/STM32F1xx_HAL_Driver/Src/stm32f1xx_hal_spi.o
 .comment       0x00000043       0x44 ./Drivers/STM32F1xx_HAL_Driver/Src/stm32f1xx_hal_uart.o

.debug_frame    0x00000000     0x21ac
 .debug_frame   0x00000000      0x250 ./Core/Src/NRF24L01.o
 .debug_frame   0x00000250       0xc4 ./Core/Src/main.o
 .debug_frame   0x00000314       0xc8 ./Core/Src/stm32f1xx_hal_msp.o
 .debug_frame   0x000003dc      0x104 ./Core/Src/stm32f1xx_it.o
 .debug_frame   0x000004e0       0x58 ./Core/Src/system_stm32f1xx.o
 .debug_frame   0x00000538      0x334 ./Drivers/STM32F1xx_HAL_Driver/Src/stm32f1xx_hal.o
 .debug_frame   0x0000086c      0x428 ./Drivers/STM32F1xx_HAL_Driver/Src/stm32f1xx_hal_cortex.o
 .debug_frame   0x00000c94      0x14c ./Drivers/STM32F1xx_HAL_Driver/Src/stm32f1xx_hal_gpio.o
 .debug_frame   0x00000de0      0x218 ./Drivers/STM32F1xx_HAL_Driver/Src/stm32f1xx_hal_rcc.o
 .debug_frame   0x00000ff8      0x824 ./Drivers/STM32F1xx_HAL_Driver/Src/stm32f1xx_hal_spi.o
 .debug_frame   0x0000181c      0x944 ./Drivers/STM32F1xx_HAL_Driver/Src/stm32f1xx_hal_uart.o
 .debug_frame   0x00002160       0x20 D:/Program Files/STM32CubeIDE_1.15.1/STM32CubeIDE/plugins/com.st.stm32cube.ide.mcu.externaltools.gnu-tools-for-stm32.13.3.rel1.win32_1.0.0.202411081344/tools/bin/../lib/gcc/arm-none-eabi/13.3.1/../../../../arm-none-eabi/lib/thumb/v7-m/nofp\libc_nano.a(libc_a-memset.o)
 .debug_frame   0x00002180       0x2c D:/Program Files/STM32CubeIDE_1.15.1/STM32CubeIDE/plugins/com.st.stm32cube.ide.mcu.externaltools.gnu-tools-for-stm32.13.3.rel1.win32_1.0.0.202411081344/tools/bin/../lib/gcc/arm-none-eabi/13.3.1/../../../../arm-none-eabi/lib/thumb/v7-m/nofp\libc_nano.a(libc_a-init.o)

.debug_line_str
                0x00000000       0x4c
 .debug_line_str
                0x00000000       0x4c ./Core/Startup/startup_stm32f103c8tx.o
